1780062462.733497 client started (32104): version 3.6b, socket /tmp/tmux-1000/default, protocol 8
1780062462.733608 on Linux 7.0.10-arch1-1 #1 SMP PREEMPT_DYNAMIC Sat, 23 May 2026 14:21:20 +0000
1780062462.733619 using libevent 2.1.12-stable poll
1780062462.733625 using ncurses 6.6 20251230
1780062462.733666 flags are 0x18010000
1780062462.733692 socket is /tmp/tmux-1000/default
1780062462.733719 trying connect
1780062462.733795 add peer 0x5649418ec240: 6 ((nil))
1780062462.734597 sending message 111 to peer 0x5649418ec240 (8 bytes)
1780062462.734629 sending message 111 to peer 0x5649418ec240 (8 bytes)
1780062462.734638 sending message 101 to peer 0x5649418ec240 (14 bytes)
1780062462.734644 sending message 109 to peer 0x5649418ec240 (4 bytes)
1780062462.734649 sending message 102 to peer 0x5649418ec240 (11 bytes)
1780062462.734655 sending message 108 to peer 0x5649418ec240 (43 bytes)
1780062462.734661 sending message 112 to peer 0x5649418ec240 (70 bytes)
1780062462.734668 sending message 112 to peer 0x5649418ec240 (5 bytes)
1780062462.734673 sending message 112 to peer 0x5649418ec240 (5 bytes)
1780062462.734679 sending message 112 to peer 0x5649418ec240 (6 bytes)
1780062462.734685 sending message 112 to peer 0x5649418ec240 (6 bytes)
1780062462.734690 sending message 112 to peer 0x5649418ec240 (11 bytes)
1780062462.734696 sending message 112 to peer 0x5649418ec240 (10 bytes)
1780062462.734702 sending message 112 to peer 0x5649418ec240 (13 bytes)
1780062462.734707 sending message 112 to peer 0x5649418ec240 (14 bytes)
1780062462.734712 sending message 112 to peer 0x5649418ec240 (9 bytes)
1780062462.734717 sending message 112 to peer 0x5649418ec240 (21 bytes)
1780062462.734722 sending message 112 to peer 0x5649418ec240 (19 bytes)
1780062462.734727 sending message 112 to peer 0x5649418ec240 (11 bytes)
1780062462.734733 sending message 112 to peer 0x5649418ec240 (21 bytes)
1780062462.734738 sending message 112 to peer 0x5649418ec240 (13 bytes)
1780062462.734743 sending message 112 to peer 0x5649418ec240 (7 bytes)
1780062462.734748 sending message 112 to peer 0x5649418ec240 (13 bytes)
1780062462.734754 sending message 112 to peer 0x5649418ec240 (7 bytes)
1780062462.734759 sending message 112 to peer 0x5649418ec240 (13 bytes)
1780062462.734764 sending message 112 to peer 0x5649418ec240 (9 bytes)
1780062462.734769 sending message 112 to peer 0x5649418ec240 (21 bytes)
1780062462.734775 sending message 112 to peer 0x5649418ec240 (13 bytes)
1780062462.734780 sending message 112 to peer 0x5649418ec240 (9 bytes)
1780062462.734785 sending message 112 to peer 0x5649418ec240 (16 bytes)
1780062462.734790 sending message 112 to peer 0x5649418ec240 (13 bytes)
1780062462.734796 sending message 112 to peer 0x5649418ec240 (9 bytes)
1780062462.734801 sending message 112 to peer 0x5649418ec240 (9 bytes)
1780062462.734806 sending message 112 to peer 0x5649418ec240 (12 bytes)
1780062462.734811 sending message 112 to peer 0x5649418ec240 (8 bytes)
1780062462.734816 sending message 112 to peer 0x5649418ec240 (12 bytes)
1780062462.734822 sending message 112 to peer 0x5649418ec240 (8 bytes)
1780062462.734827 sending message 112 to peer 0x5649418ec240 (13 bytes)
1780062462.734832 sending message 112 to peer 0x5649418ec240 (7 bytes)
1780062462.734837 sending message 112 to peer 0x5649418ec240 (7 bytes)
1780062462.734842 sending message 112 to peer 0x5649418ec240 (9 bytes)
1780062462.734847 sending message 112 to peer 0x5649418ec240 (12 bytes)
1780062462.734852 sending message 112 to peer 0x5649418ec240 (6 bytes)
1780062462.734857 sending message 112 to peer 0x5649418ec240 (9 bytes)
1780062462.734863 sending message 112 to peer 0x5649418ec240 (15 bytes)
1780062462.734868 sending message 112 to peer 0x5649418ec240 (13 bytes)
1780062462.734873 sending message 112 to peer 0x5649418ec240 (9 bytes)
1780062462.734878 sending message 112 to peer 0x5649418ec240 (12 bytes)
1780062462.734883 sending message 112 to peer 0x5649418ec240 (8 bytes)
1780062462.734888 sending message 112 to peer 0x5649418ec240 (14 bytes)
1780062462.734893 sending message 112 to peer 0x5649418ec240 (11 bytes)
1780062462.734919 sending message 112 to peer 0x5649418ec240 (9 bytes)
1780062462.734925 sending message 112 to peer 0x5649418ec240 (10 bytes)
1780062462.734930 sending message 112 to peer 0x5649418ec240 (10 bytes)
1780062462.734935 sending message 112 to peer 0x5649418ec240 (10 bytes)
1780062462.734941 sending message 112 to peer 0x5649418ec240 (10 bytes)
1780062462.734946 sending message 112 to peer 0x5649418ec240 (11 bytes)
1780062462.734951 sending message 112 to peer 0x5649418ec240 (12 bytes)
1780062462.734956 sending message 112 to peer 0x5649418ec240 (12 bytes)
1780062462.734961 sending message 112 to peer 0x5649418ec240 (12 bytes)
1780062462.734967 sending message 112 to peer 0x5649418ec240 (12 bytes)
1780062462.734972 sending message 112 to peer 0x5649418ec240 (12 bytes)
1780062462.734977 sending message 112 to peer 0x5649418ec240 (11 bytes)
1780062462.734982 sending message 112 to peer 0x5649418ec240 (11 bytes)
1780062462.734987 sending message 112 to peer 0x5649418ec240 (12 bytes)
1780062462.734992 sending message 112 to peer 0x5649418ec240 (12 bytes)
1780062462.734997 sending message 112 to peer 0x5649418ec240 (12 bytes)
1780062462.735002 sending message 112 to peer 0x5649418ec240 (12 bytes)
1780062462.735007 sending message 112 to peer 0x5649418ec240 (12 bytes)
1780062462.735013 sending message 112 to peer 0x5649418ec240 (9 bytes)
1780062462.735018 sending message 112 to peer 0x5649418ec240 (12 bytes)
1780062462.735024 sending message 112 to peer 0x5649418ec240 (13 bytes)
1780062462.735029 sending message 112 to peer 0x5649418ec240 (13 bytes)
1780062462.735033 sending message 112 to peer 0x5649418ec240 (13 bytes)
1780062462.735039 sending message 112 to peer 0x5649418ec240 (13 bytes)
1780062462.735044 sending message 112 to peer 0x5649418ec240 (13 bytes)
1780062462.735049 sending message 112 to peer 0x5649418ec240 (8 bytes)
1780062462.735054 sending message 112 to peer 0x5649418ec240 (11 bytes)
1780062462.735059 sending message 112 to peer 0x5649418ec240 (11 bytes)
1780062462.735064 sending message 112 to peer 0x5649418ec240 (11 bytes)
1780062462.735069 sending message 112 to peer 0x5649418ec240 (12 bytes)
1780062462.735074 sending message 112 to peer 0x5649418ec240 (12 bytes)
1780062462.735079 sending message 112 to peer 0x5649418ec240 (12 bytes)
1780062462.735084 sending message 112 to peer 0x5649418ec240 (12 bytes)
1780062462.735089 sending message 112 to peer 0x5649418ec240 (13 bytes)
1780062462.735095 sending message 112 to peer 0x5649418ec240 (13 bytes)
1780062462.735100 sending message 112 to peer 0x5649418ec240 (13 bytes)
1780062462.735105 sending message 112 to peer 0x5649418ec240 (8 bytes)
1780062462.735110 sending message 112 to peer 0x5649418ec240 (13 bytes)
1780062462.735115 sending message 112 to peer 0x5649418ec240 (13 bytes)
1780062462.735120 sending message 112 to peer 0x5649418ec240 (13 bytes)
1780062462.735125 sending message 112 to peer 0x5649418ec240 (13 bytes)
1780062462.735130 sending message 112 to peer 0x5649418ec240 (13 bytes)
1780062462.735135 sending message 112 to peer 0x5649418ec240 (12 bytes)
1780062462.735141 sending message 112 to peer 0x5649418ec240 (12 bytes)
1780062462.735146 sending message 112 to peer 0x5649418ec240 (12 bytes)
1780062462.735151 sending message 112 to peer 0x5649418ec240 (12 bytes)
1780062462.735156 sending message 112 to peer 0x5649418ec240 (13 bytes)
1780062462.735161 sending message 112 to peer 0x5649418ec240 (8 bytes)
1780062462.735166 sending message 112 to peer 0x5649418ec240 (13 bytes)
1780062462.735171 sending message 112 to peer 0x5649418ec240 (13 bytes)
1780062462.735176 sending message 112 to peer 0x5649418ec240 (13 bytes)
1780062462.735182 sending message 112 to peer 0x5649418ec240 (13 bytes)
1780062462.735187 sending message 112 to peer 0x5649418ec240 (13 bytes)
1780062462.735192 sending message 112 to peer 0x5649418ec240 (13 bytes)
1780062462.735197 sending message 112 to peer 0x5649418ec240 (13 bytes)
1780062462.735202 sending message 112 to peer 0x5649418ec240 (12 bytes)
1780062462.735207 sending message 112 to peer 0x5649418ec240 (12 bytes)
1780062462.735220 sending message 112 to peer 0x5649418ec240 (12 bytes)
1780062462.735225 sending message 112 to peer 0x5649418ec240 (8 bytes)
1780062462.735230 sending message 112 to peer 0x5649418ec240 (12 bytes)
1780062462.735235 sending message 112 to peer 0x5649418ec240 (13 bytes)
1780062462.735241 sending message 112 to peer 0x5649418ec240 (13 bytes)
1780062462.735246 sending message 112 to peer 0x5649418ec240 (13 bytes)
1780062462.735252 sending message 112 to peer 0x5649418ec240 (13 bytes)
1780062462.735257 sending message 112 to peer 0x5649418ec240 (13 bytes)
1780062462.735262 sending message 112 to peer 0x5649418ec240 (13 bytes)
1780062462.735267 sending message 112 to peer 0x5649418ec240 (13 bytes)
1780062462.735272 sending message 112 to peer 0x5649418ec240 (13 bytes)
1780062462.735277 sending message 112 to peer 0x5649418ec240 (12 bytes)
1780062462.735282 sending message 112 to peer 0x5649418ec240 (10 bytes)
1780062462.735287 sending message 112 to peer 0x5649418ec240 (12 bytes)
1780062462.735292 sending message 112 to peer 0x5649418ec240 (12 bytes)
1780062462.735297 sending message 112 to peer 0x5649418ec240 (12 bytes)
1780062462.735303 sending message 112 to peer 0x5649418ec240 (13 bytes)
1780062462.735308 sending message 112 to peer 0x5649418ec240 (13 bytes)
1780062462.735313 sending message 112 to peer 0x5649418ec240 (13 bytes)
1780062462.735318 sending message 112 to peer 0x5649418ec240 (13 bytes)
1780062462.735323 sending message 112 to peer 0x5649418ec240 (13 bytes)
1780062462.735328 sending message 112 to peer 0x5649418ec240 (13 bytes)
1780062462.735333 sending message 112 to peer 0x5649418ec240 (13 bytes)
1780062462.735338 sending message 112 to peer 0x5649418ec240 (10 bytes)
1780062462.735343 sending message 112 to peer 0x5649418ec240 (13 bytes)
1780062462.735348 sending message 112 to peer 0x5649418ec240 (12 bytes)
1780062462.735353 sending message 112 to peer 0x5649418ec240 (12 bytes)
1780062462.735359 sending message 112 to peer 0x5649418ec240 (12 bytes)
1780062462.735364 sending message 112 to peer 0x5649418ec240 (10 bytes)
1780062462.735370 sending message 112 to peer 0x5649418ec240 (10 bytes)
1780062462.735375 sending message 112 to peer 0x5649418ec240 (10 bytes)
1780062462.735380 sending message 112 to peer 0x5649418ec240 (12 bytes)
1780062462.735385 sending message 112 to peer 0x5649418ec240 (13 bytes)
1780062462.735390 sending message 112 to peer 0x5649418ec240 (13 bytes)
1780062462.735395 sending message 112 to peer 0x5649418ec240 (13 bytes)
1780062462.735399 sending message 112 to peer 0x5649418ec240 (13 bytes)
1780062462.735404 sending message 112 to peer 0x5649418ec240 (13 bytes)
1780062462.735409 sending message 112 to peer 0x5649418ec240 (10 bytes)
1780062462.735414 sending message 112 to peer 0x5649418ec240 (11 bytes)
1780062462.735419 sending message 112 to peer 0x5649418ec240 (12 bytes)
1780062462.735424 sending message 112 to peer 0x5649418ec240 (12 bytes)
1780062462.735430 sending message 112 to peer 0x5649418ec240 (12 bytes)
1780062462.735435 sending message 112 to peer 0x5649418ec240 (12 bytes)
1780062462.735440 sending message 112 to peer 0x5649418ec240 (12 bytes)
1780062462.735445 sending message 112 to peer 0x5649418ec240 (11 bytes)
1780062462.735450 sending message 112 to peer 0x5649418ec240 (12 bytes)
1780062462.735455 sending message 112 to peer 0x5649418ec240 (12 bytes)
1780062462.735459 sending message 112 to peer 0x5649418ec240 (13 bytes)
1780062462.735464 sending message 112 to peer 0x5649418ec240 (13 bytes)
1780062462.735469 sending message 112 to peer 0x5649418ec240 (13 bytes)
1780062462.735474 sending message 112 to peer 0x5649418ec240 (13 bytes)
1780062462.735479 sending message 112 to peer 0x5649418ec240 (13 bytes)
1780062462.735484 sending message 112 to peer 0x5649418ec240 (10 bytes)
1780062462.735489 sending message 112 to peer 0x5649418ec240 (9 bytes)
1780062462.735494 sending message 112 to peer 0x5649418ec240 (12 bytes)
1780062462.735499 sending message 112 to peer 0x5649418ec240 (13 bytes)
1780062462.735504 sending message 112 to peer 0x5649418ec240 (13 bytes)
1780062462.735517 sending message 112 to peer 0x5649418ec240 (13 bytes)
1780062462.735523 sending message 112 to peer 0x5649418ec240 (13 bytes)
1780062462.735528 sending message 112 to peer 0x5649418ec240 (13 bytes)
1780062462.735534 sending message 112 to peer 0x5649418ec240 (9 bytes)
1780062462.735591 sending message 112 to peer 0x5649418ec240 (12 bytes)
1780062462.735597 sending message 112 to peer 0x5649418ec240 (13 bytes)
1780062462.735604 sending message 112 to peer 0x5649418ec240 (13 bytes)
1780062462.735609 sending message 112 to peer 0x5649418ec240 (13 bytes)
1780062462.735615 sending message 112 to peer 0x5649418ec240 (13 bytes)
1780062462.735627 sending message 112 to peer 0x5649418ec240 (13 bytes)
1780062462.735632 sending message 112 to peer 0x5649418ec240 (11 bytes)
1780062462.735638 sending message 112 to peer 0x5649418ec240 (12 bytes)
1780062462.735644 sending message 112 to peer 0x5649418ec240 (13 bytes)
1780062462.735650 sending message 112 to peer 0x5649418ec240 (13 bytes)
1780062462.735656 sending message 112 to peer 0x5649418ec240 (13 bytes)
1780062462.735661 sending message 112 to peer 0x5649418ec240 (13 bytes)
1780062462.735667 sending message 112 to peer 0x5649418ec240 (13 bytes)
1780062462.735673 sending message 112 to peer 0x5649418ec240 (11 bytes)
1780062462.735678 sending message 112 to peer 0x5649418ec240 (12 bytes)
1780062462.735684 sending message 112 to peer 0x5649418ec240 (12 bytes)
1780062462.735689 sending message 112 to peer 0x5649418ec240 (12 bytes)
1780062462.735695 sending message 112 to peer 0x5649418ec240 (12 bytes)
1780062462.735700 sending message 112 to peer 0x5649418ec240 (12 bytes)
1780062462.735706 sending message 112 to peer 0x5649418ec240 (21 bytes)
1780062462.735712 sending message 112 to peer 0x5649418ec240 (12 bytes)
1780062462.735717 sending message 112 to peer 0x5649418ec240 (9 bytes)
1780062462.735723 sending message 112 to peer 0x5649418ec240 (6 bytes)
1780062462.735728 sending message 112 to peer 0x5649418ec240 (13 bytes)
1780062462.735734 sending message 112 to peer 0x5649418ec240 (10 bytes)
1780062462.735739 sending message 112 to peer 0x5649418ec240 (15 bytes)
1780062462.735746 sending message 112 to peer 0x5649418ec240 (13 bytes)
1780062462.735752 sending message 112 to peer 0x5649418ec240 (9 bytes)
1780062462.735758 sending message 112 to peer 0x5649418ec240 (70 bytes)
1780062462.735764 sending message 112 to peer 0x5649418ec240 (69 bytes)
1780062462.735769 sending message 112 to peer 0x5649418ec240 (34 bytes)
1780062462.735775 sending message 112 to peer 0x5649418ec240 (34 bytes)
1780062462.735780 sending message 112 to peer 0x5649418ec240 (70 bytes)
1780062462.735786 sending message 112 to peer 0x5649418ec240 (12 bytes)
1780062462.735791 sending message 112 to peer 0x5649418ec240 (10 bytes)
1780062462.735797 sending message 112 to peer 0x5649418ec240 (10 bytes)
1780062462.735802 sending message 112 to peer 0x5649418ec240 (15 bytes)
1780062462.735808 sending message 112 to peer 0x5649418ec240 (13 bytes)
1780062462.735814 sending message 112 to peer 0x5649418ec240 (10 bytes)
1780062462.735819 sending message 112 to peer 0x5649418ec240 (10 bytes)
1780062462.735824 sending message 112 to peer 0x5649418ec240 (17 bytes)
1780062462.735830 sending message 112 to peer 0x5649418ec240 (10 bytes)
1780062462.735835 sending message 112 to peer 0x5649418ec240 (13 bytes)
1780062462.735842 sending message 112 to peer 0x5649418ec240 (32 bytes)
1780062462.735848 sending message 112 to peer 0x5649418ec240 (5 bytes)
1780062462.735854 sending message 112 to peer 0x5649418ec240 (9 bytes)
1780062462.735860 sending message 112 to peer 0x5649418ec240 (15 bytes)
1780062462.735865 sending message 112 to peer 0x5649418ec240 (5 bytes)
1780062462.735873 sending message 104 to peer 0x5649418ec240 (0 bytes)
1780062462.735880 sending message 110 to peer 0x5649418ec240 (0 bytes)
1780062462.735887 sending message 107 to peer 0x5649418ec240 (4 bytes)
1780062462.735893 sending message 105 to peer 0x5649418ec240 (15 bytes)
1780062462.735899 sending message 105 to peer 0x5649418ec240 (25 bytes)
1780062462.735918 sending message 105 to peer 0x5649418ec240 (20 bytes)
1780062462.735924 sending message 105 to peer 0x5649418ec240 (68 bytes)
1780062462.735930 sending message 105 to peer 0x5649418ec240 (23 bytes)
1780062462.735935 sending message 105 to peer 0x5649418ec240 (33 bytes)
1780062462.735941 sending message 105 to peer 0x5649418ec240 (27 bytes)
1780062462.735947 sending message 105 to peer 0x5649418ec240 (70 bytes)
1780062462.735952 sending message 105 to peer 0x5649418ec240 (45 bytes)
1780062462.735958 sending message 105 to peer 0x5649418ec240 (16 bytes)
1780062462.735964 sending message 105 to peer 0x5649418ec240 (37 bytes)
1780062462.735969 sending message 105 to peer 0x5649418ec240 (84 bytes)
1780062462.735976 sending message 105 to peer 0x5649418ec240 (51 bytes)
1780062462.735982 sending message 105 to peer 0x5649418ec240 (20 bytes)
1780062462.735988 sending message 105 to peer 0x5649418ec240 (22 bytes)
1780062462.735993 sending message 105 to peer 0x5649418ec240 (54 bytes)
1780062462.735999 sending message 105 to peer 0x5649418ec240 (64 bytes)
1780062462.736005 sending message 105 to peer 0x5649418ec240 (47 bytes)
1780062462.736010 sending message 105 to peer 0x5649418ec240 (26 bytes)
1780062462.736016 sending message 105 to peer 0x5649418ec240 (15 bytes)
1780062462.736021 sending message 105 to peer 0x5649418ec240 (25 bytes)
1780062462.736027 sending message 105 to peer 0x5649418ec240 (56 bytes)
1780062462.736032 sending message 105 to peer 0x5649418ec240 (22 bytes)
1780062462.736038 sending message 105 to peer 0x5649418ec240 (16 bytes)
1780062462.736043 sending message 105 to peer 0x5649418ec240 (54 bytes)
1780062462.736049 sending message 105 to peer 0x5649418ec240 (70 bytes)
1780062462.736055 sending message 105 to peer 0x5649418ec240 (15 bytes)
1780062462.736060 sending message 105 to peer 0x5649418ec240 (21 bytes)
1780062462.736066 sending message 105 to peer 0x5649418ec240 (47 bytes)
1780062462.736072 sending message 105 to peer 0x5649418ec240 (18 bytes)
1780062462.736078 sending message 105 to peer 0x5649418ec240 (16 bytes)
1780062462.736084 sending message 105 to peer 0x5649418ec240 (17 bytes)
1780062462.736090 sending message 105 to peer 0x5649418ec240 (26 bytes)
1780062462.736096 sending message 105 to peer 0x5649418ec240 (155 bytes)
1780062462.736102 sending message 105 to peer 0x5649418ec240 (26 bytes)
1780062462.736108 sending message 105 to peer 0x5649418ec240 (16 bytes)
1780062462.736114 sending message 105 to peer 0x5649418ec240 (62 bytes)
1780062462.736119 sending message 105 to peer 0x5649418ec240 (23 bytes)
1780062462.736124 sending message 105 to peer 0x5649418ec240 (69 bytes)
1780062462.736130 sending message 105 to peer 0x5649418ec240 (43 bytes)
1780062462.736135 sending message 105 to peer 0x5649418ec240 (57 bytes)
1780062462.736141 sending message 105 to peer 0x5649418ec240 (41 bytes)
1780062462.736147 sending message 105 to peer 0x5649418ec240 (23 bytes)
1780062462.736152 sending message 105 to peer 0x5649418ec240 (29 bytes)
1780062462.736158 sending message 105 to peer 0x5649418ec240 (19 bytes)
1780062462.736163 sending message 105 to peer 0x5649418ec240 (12 bytes)
1780062462.736169 sending message 105 to peer 0x5649418ec240 (66 bytes)
1780062462.736175 sending message 105 to peer 0x5649418ec240 (64 bytes)
1780062462.736180 sending message 105 to peer 0x5649418ec240 (11 bytes)
1780062462.736186 sending message 105 to peer 0x5649418ec240 (62 bytes)
1780062462.736192 sending message 105 to peer 0x5649418ec240 (8 bytes)
1780062462.736198 sending message 105 to peer 0x5649418ec240 (18 bytes)
1780062462.736205 sending message 105 to peer 0x5649418ec240 (64 bytes)
1780062462.736211 sending message 105 to peer 0x5649418ec240 (54 bytes)
1780062462.736216 sending message 105 to peer 0x5649418ec240 (21 bytes)
1780062462.736222 sending message 105 to peer 0x5649418ec240 (13 bytes)
1780062462.736227 sending message 105 to peer 0x5649418ec240 (31 bytes)
1780062462.736233 sending message 105 to peer 0x5649418ec240 (50 bytes)
1780062462.736239 sending message 105 to peer 0x5649418ec240 (57 bytes)
1780062462.736251 sending message 105 to peer 0x5649418ec240 (13 bytes)
1780062462.736257 sending message 105 to peer 0x5649418ec240 (314 bytes)
1780062462.736263 sending message 105 to peer 0x5649418ec240 (62 bytes)
1780062462.736269 sending message 105 to peer 0x5649418ec240 (17 bytes)
1780062462.736275 sending message 105 to peer 0x5649418ec240 (45 bytes)
1780062462.736281 sending message 105 to peer 0x5649418ec240 (54 bytes)
1780062462.736286 sending message 105 to peer 0x5649418ec240 (28 bytes)
1780062462.736292 sending message 105 to peer 0x5649418ec240 (71 bytes)
1780062462.736297 sending message 105 to peer 0x5649418ec240 (50 bytes)
1780062462.736303 sending message 105 to peer 0x5649418ec240 (21 bytes)
1780062462.736309 sending message 105 to peer 0x5649418ec240 (45 bytes)
1780062462.736315 sending message 105 to peer 0x5649418ec240 (40 bytes)
1780062462.736321 sending message 105 to peer 0x5649418ec240 (16 bytes)
1780062462.736327 sending message 105 to peer 0x5649418ec240 (12 bytes)
1780062462.736333 sending message 105 to peer 0x5649418ec240 (21 bytes)
1780062462.736338 sending message 105 to peer 0x5649418ec240 (37 bytes)
1780062462.736344 sending message 105 to peer 0x5649418ec240 (35 bytes)
1780062462.736349 sending message 105 to peer 0x5649418ec240 (29 bytes)
1780062462.736355 sending message 105 to peer 0x5649418ec240 (20 bytes)
1780062462.736360 sending message 105 to peer 0x5649418ec240 (33 bytes)
1780062462.736366 sending message 105 to peer 0x5649418ec240 (47 bytes)
1780062462.736371 sending message 105 to peer 0x5649418ec240 (866 bytes)
1780062462.736377 sending message 105 to peer 0x5649418ec240 (27 bytes)
1780062462.736383 sending message 105 to peer 0x5649418ec240 (19 bytes)
1780062462.736388 sending message 105 to peer 0x5649418ec240 (38 bytes)
1780062462.736394 sending message 106 to peer 0x5649418ec240 (0 bytes)
1780062462.736596 sending message 200 to peer 0x5649418ec240 (4 bytes)
1780062462.736604 client loop enter
1780062462.744157 peer 0x5649418ec240 message 207
1780062462.744212 sending message 208 to peer 0x5649418ec240 (0 bytes)
1780062468.153278 peer 0x5649418ec240 message 203
1780062468.153316 sending message 205 to peer 0x5649418ec240 (0 bytes)
1780062468.153838 peer 0x5649418ec240 message 204
1780062468.153866 client loop exit
