1780062454.627006 client started (31861): version 3.6b, socket /tmp/tmux-1000/default, protocol 8
1780062454.627090 on Linux 7.0.10-arch1-1 #1 SMP PREEMPT_DYNAMIC Sat, 23 May 2026 14:21:20 +0000
1780062454.627100 using libevent 2.1.12-stable poll
1780062454.627105 using ncurses 6.6 20251230
1780062454.627143 flags are 0x10010000
1780062454.627172 socket is /tmp/tmux-1000/default
1780062454.627193 trying connect
1780062454.627270 add peer 0x55862f9db610: 6 ((nil))
1780062454.628100 sending message 111 to peer 0x55862f9db610 (8 bytes)
1780062454.628118 sending message 111 to peer 0x55862f9db610 (8 bytes)
1780062454.628126 sending message 101 to peer 0x55862f9db610 (14 bytes)
1780062454.628132 sending message 109 to peer 0x55862f9db610 (4 bytes)
1780062454.628138 sending message 102 to peer 0x55862f9db610 (11 bytes)
1780062454.628143 sending message 108 to peer 0x55862f9db610 (26 bytes)
1780062454.628149 sending message 112 to peer 0x55862f9db610 (70 bytes)
1780062454.628155 sending message 112 to peer 0x55862f9db610 (5 bytes)
1780062454.628161 sending message 112 to peer 0x55862f9db610 (5 bytes)
1780062454.628166 sending message 112 to peer 0x55862f9db610 (6 bytes)
1780062454.628173 sending message 112 to peer 0x55862f9db610 (6 bytes)
1780062454.628179 sending message 112 to peer 0x55862f9db610 (11 bytes)
1780062454.628185 sending message 112 to peer 0x55862f9db610 (10 bytes)
1780062454.628191 sending message 112 to peer 0x55862f9db610 (13 bytes)
1780062454.628197 sending message 112 to peer 0x55862f9db610 (13 bytes)
1780062454.628202 sending message 112 to peer 0x55862f9db610 (18 bytes)
1780062454.628208 sending message 112 to peer 0x55862f9db610 (11 bytes)
1780062454.628213 sending message 112 to peer 0x55862f9db610 (10 bytes)
1780062454.628218 sending message 112 to peer 0x55862f9db610 (15 bytes)
1780062454.628223 sending message 112 to peer 0x55862f9db610 (21 bytes)
1780062454.628229 sending message 112 to peer 0x55862f9db610 (13 bytes)
1780062454.628234 sending message 112 to peer 0x55862f9db610 (7 bytes)
1780062454.628239 sending message 112 to peer 0x55862f9db610 (13 bytes)
1780062454.628245 sending message 112 to peer 0x55862f9db610 (7 bytes)
1780062454.628250 sending message 112 to peer 0x55862f9db610 (13 bytes)
1780062454.628255 sending message 112 to peer 0x55862f9db610 (9 bytes)
1780062454.628260 sending message 112 to peer 0x55862f9db610 (21 bytes)
1780062454.628266 sending message 112 to peer 0x55862f9db610 (13 bytes)
1780062454.628271 sending message 112 to peer 0x55862f9db610 (8 bytes)
1780062454.628277 sending message 112 to peer 0x55862f9db610 (12 bytes)
1780062454.628282 sending message 112 to peer 0x55862f9db610 (13 bytes)
1780062454.628287 sending message 112 to peer 0x55862f9db610 (9 bytes)
1780062454.628293 sending message 112 to peer 0x55862f9db610 (9 bytes)
1780062454.628298 sending message 112 to peer 0x55862f9db610 (12 bytes)
1780062454.628304 sending message 112 to peer 0x55862f9db610 (8 bytes)
1780062454.628309 sending message 112 to peer 0x55862f9db610 (8 bytes)
1780062454.628314 sending message 112 to peer 0x55862f9db610 (7 bytes)
1780062454.628319 sending message 112 to peer 0x55862f9db610 (7 bytes)
1780062454.628324 sending message 112 to peer 0x55862f9db610 (9 bytes)
1780062454.628330 sending message 112 to peer 0x55862f9db610 (13 bytes)
1780062454.628336 sending message 112 to peer 0x55862f9db610 (6 bytes)
1780062454.628341 sending message 112 to peer 0x55862f9db610 (9 bytes)
1780062454.628346 sending message 112 to peer 0x55862f9db610 (15 bytes)
1780062454.628352 sending message 112 to peer 0x55862f9db610 (13 bytes)
1780062454.628357 sending message 112 to peer 0x55862f9db610 (12 bytes)
1780062454.628363 sending message 112 to peer 0x55862f9db610 (8 bytes)
1780062454.628368 sending message 112 to peer 0x55862f9db610 (14 bytes)
1780062454.628374 sending message 112 to peer 0x55862f9db610 (11 bytes)
1780062454.628379 sending message 112 to peer 0x55862f9db610 (9 bytes)
1780062454.628385 sending message 112 to peer 0x55862f9db610 (10 bytes)
1780062454.628390 sending message 112 to peer 0x55862f9db610 (10 bytes)
1780062454.628410 sending message 112 to peer 0x55862f9db610 (10 bytes)
1780062454.628417 sending message 112 to peer 0x55862f9db610 (10 bytes)
1780062454.628423 sending message 112 to peer 0x55862f9db610 (11 bytes)
1780062454.628428 sending message 112 to peer 0x55862f9db610 (12 bytes)
1780062454.628433 sending message 112 to peer 0x55862f9db610 (12 bytes)
1780062454.628439 sending message 112 to peer 0x55862f9db610 (12 bytes)
1780062454.628444 sending message 112 to peer 0x55862f9db610 (12 bytes)
1780062454.628449 sending message 112 to peer 0x55862f9db610 (12 bytes)
1780062454.628455 sending message 112 to peer 0x55862f9db610 (11 bytes)
1780062454.628461 sending message 112 to peer 0x55862f9db610 (11 bytes)
1780062454.628467 sending message 112 to peer 0x55862f9db610 (12 bytes)
1780062454.628472 sending message 112 to peer 0x55862f9db610 (12 bytes)
1780062454.628477 sending message 112 to peer 0x55862f9db610 (12 bytes)
1780062454.628483 sending message 112 to peer 0x55862f9db610 (12 bytes)
1780062454.628488 sending message 112 to peer 0x55862f9db610 (12 bytes)
1780062454.628493 sending message 112 to peer 0x55862f9db610 (10 bytes)
1780062454.628498 sending message 112 to peer 0x55862f9db610 (12 bytes)
1780062454.628503 sending message 112 to peer 0x55862f9db610 (13 bytes)
1780062454.628508 sending message 112 to peer 0x55862f9db610 (13 bytes)
1780062454.628514 sending message 112 to peer 0x55862f9db610 (13 bytes)
1780062454.628520 sending message 112 to peer 0x55862f9db610 (13 bytes)
1780062454.628525 sending message 112 to peer 0x55862f9db610 (13 bytes)
1780062454.628531 sending message 112 to peer 0x55862f9db610 (8 bytes)
1780062454.628548 sending message 112 to peer 0x55862f9db610 (11 bytes)
1780062454.628554 sending message 112 to peer 0x55862f9db610 (11 bytes)
1780062454.628559 sending message 112 to peer 0x55862f9db610 (11 bytes)
1780062454.628564 sending message 112 to peer 0x55862f9db610 (12 bytes)
1780062454.628570 sending message 112 to peer 0x55862f9db610 (12 bytes)
1780062454.628575 sending message 112 to peer 0x55862f9db610 (12 bytes)
1780062454.628580 sending message 112 to peer 0x55862f9db610 (12 bytes)
1780062454.628585 sending message 112 to peer 0x55862f9db610 (13 bytes)
1780062454.628590 sending message 112 to peer 0x55862f9db610 (13 bytes)
1780062454.628595 sending message 112 to peer 0x55862f9db610 (13 bytes)
1780062454.628602 sending message 112 to peer 0x55862f9db610 (8 bytes)
1780062454.628608 sending message 112 to peer 0x55862f9db610 (13 bytes)
1780062454.628617 sending message 112 to peer 0x55862f9db610 (13 bytes)
1780062454.628622 sending message 112 to peer 0x55862f9db610 (13 bytes)
1780062454.628628 sending message 112 to peer 0x55862f9db610 (13 bytes)
1780062454.628633 sending message 112 to peer 0x55862f9db610 (13 bytes)
1780062454.628638 sending message 112 to peer 0x55862f9db610 (12 bytes)
1780062454.628643 sending message 112 to peer 0x55862f9db610 (12 bytes)
1780062454.628648 sending message 112 to peer 0x55862f9db610 (12 bytes)
1780062454.628653 sending message 112 to peer 0x55862f9db610 (12 bytes)
1780062454.628658 sending message 112 to peer 0x55862f9db610 (13 bytes)
1780062454.628664 sending message 112 to peer 0x55862f9db610 (8 bytes)
1780062454.628668 sending message 112 to peer 0x55862f9db610 (13 bytes)
1780062454.628674 sending message 112 to peer 0x55862f9db610 (13 bytes)
1780062454.628679 sending message 112 to peer 0x55862f9db610 (13 bytes)
1780062454.628685 sending message 112 to peer 0x55862f9db610 (13 bytes)
1780062454.628691 sending message 112 to peer 0x55862f9db610 (13 bytes)
1780062454.628696 sending message 112 to peer 0x55862f9db610 (13 bytes)
1780062454.628701 sending message 112 to peer 0x55862f9db610 (13 bytes)
1780062454.628707 sending message 112 to peer 0x55862f9db610 (12 bytes)
1780062454.628714 sending message 112 to peer 0x55862f9db610 (12 bytes)
1780062454.628722 sending message 112 to peer 0x55862f9db610 (12 bytes)
1780062454.628730 sending message 112 to peer 0x55862f9db610 (8 bytes)
1780062454.628738 sending message 112 to peer 0x55862f9db610 (12 bytes)
1780062454.628753 sending message 112 to peer 0x55862f9db610 (13 bytes)
1780062454.629034 sending message 112 to peer 0x55862f9db610 (13 bytes)
1780062454.629056 sending message 112 to peer 0x55862f9db610 (13 bytes)
1780062454.629065 sending message 112 to peer 0x55862f9db610 (13 bytes)
1780062454.629072 sending message 112 to peer 0x55862f9db610 (13 bytes)
1780062454.629079 sending message 112 to peer 0x55862f9db610 (13 bytes)
1780062454.629086 sending message 112 to peer 0x55862f9db610 (13 bytes)
1780062454.629094 sending message 112 to peer 0x55862f9db610 (13 bytes)
1780062454.629102 sending message 112 to peer 0x55862f9db610 (12 bytes)
1780062454.629109 sending message 112 to peer 0x55862f9db610 (10 bytes)
1780062454.629116 sending message 112 to peer 0x55862f9db610 (12 bytes)
1780062454.629122 sending message 112 to peer 0x55862f9db610 (12 bytes)
1780062454.629129 sending message 112 to peer 0x55862f9db610 (12 bytes)
1780062454.629135 sending message 112 to peer 0x55862f9db610 (13 bytes)
1780062454.629142 sending message 112 to peer 0x55862f9db610 (13 bytes)
1780062454.629148 sending message 112 to peer 0x55862f9db610 (13 bytes)
1780062454.629155 sending message 112 to peer 0x55862f9db610 (13 bytes)
1780062454.629162 sending message 112 to peer 0x55862f9db610 (13 bytes)
1780062454.629168 sending message 112 to peer 0x55862f9db610 (13 bytes)
1780062454.629175 sending message 112 to peer 0x55862f9db610 (13 bytes)
1780062454.629181 sending message 112 to peer 0x55862f9db610 (10 bytes)
1780062454.629187 sending message 112 to peer 0x55862f9db610 (13 bytes)
1780062454.629195 sending message 112 to peer 0x55862f9db610 (12 bytes)
1780062454.629202 sending message 112 to peer 0x55862f9db610 (12 bytes)
1780062454.629210 sending message 112 to peer 0x55862f9db610 (12 bytes)
1780062454.629216 sending message 112 to peer 0x55862f9db610 (10 bytes)
1780062454.629223 sending message 112 to peer 0x55862f9db610 (10 bytes)
1780062454.629229 sending message 112 to peer 0x55862f9db610 (10 bytes)
1780062454.629236 sending message 112 to peer 0x55862f9db610 (12 bytes)
1780062454.629242 sending message 112 to peer 0x55862f9db610 (13 bytes)
1780062454.629249 sending message 112 to peer 0x55862f9db610 (13 bytes)
1780062454.629255 sending message 112 to peer 0x55862f9db610 (13 bytes)
1780062454.629261 sending message 112 to peer 0x55862f9db610 (13 bytes)
1780062454.629268 sending message 112 to peer 0x55862f9db610 (13 bytes)
1780062454.629274 sending message 112 to peer 0x55862f9db610 (11 bytes)
1780062454.629281 sending message 112 to peer 0x55862f9db610 (11 bytes)
1780062454.629288 sending message 112 to peer 0x55862f9db610 (12 bytes)
1780062454.629294 sending message 112 to peer 0x55862f9db610 (12 bytes)
1780062454.629301 sending message 112 to peer 0x55862f9db610 (12 bytes)
1780062454.629307 sending message 112 to peer 0x55862f9db610 (12 bytes)
1780062454.629314 sending message 112 to peer 0x55862f9db610 (12 bytes)
1780062454.629321 sending message 112 to peer 0x55862f9db610 (11 bytes)
1780062454.629329 sending message 112 to peer 0x55862f9db610 (12 bytes)
1780062454.629336 sending message 112 to peer 0x55862f9db610 (12 bytes)
1780062454.629342 sending message 112 to peer 0x55862f9db610 (13 bytes)
1780062454.629349 sending message 112 to peer 0x55862f9db610 (13 bytes)
1780062454.629355 sending message 112 to peer 0x55862f9db610 (13 bytes)
1780062454.629362 sending message 112 to peer 0x55862f9db610 (13 bytes)
1780062454.629368 sending message 112 to peer 0x55862f9db610 (13 bytes)
1780062454.629374 sending message 112 to peer 0x55862f9db610 (10 bytes)
1780062454.629381 sending message 112 to peer 0x55862f9db610 (9 bytes)
1780062454.629388 sending message 112 to peer 0x55862f9db610 (12 bytes)
1780062454.629394 sending message 112 to peer 0x55862f9db610 (13 bytes)
1780062454.629401 sending message 112 to peer 0x55862f9db610 (13 bytes)
1780062454.629407 sending message 112 to peer 0x55862f9db610 (13 bytes)
1780062454.629414 sending message 112 to peer 0x55862f9db610 (13 bytes)
1780062454.629420 sending message 112 to peer 0x55862f9db610 (13 bytes)
1780062454.629462 sending message 112 to peer 0x55862f9db610 (9 bytes)
1780062454.629471 sending message 112 to peer 0x55862f9db610 (12 bytes)
1780062454.629478 sending message 112 to peer 0x55862f9db610 (13 bytes)
1780062454.629486 sending message 112 to peer 0x55862f9db610 (13 bytes)
1780062454.629493 sending message 112 to peer 0x55862f9db610 (13 bytes)
1780062454.629500 sending message 112 to peer 0x55862f9db610 (13 bytes)
1780062454.629506 sending message 112 to peer 0x55862f9db610 (13 bytes)
1780062454.629513 sending message 112 to peer 0x55862f9db610 (11 bytes)
1780062454.629519 sending message 112 to peer 0x55862f9db610 (12 bytes)
1780062454.629525 sending message 112 to peer 0x55862f9db610 (13 bytes)
1780062454.629532 sending message 112 to peer 0x55862f9db610 (13 bytes)
1780062454.629568 sending message 112 to peer 0x55862f9db610 (13 bytes)
1780062454.629577 sending message 112 to peer 0x55862f9db610 (13 bytes)
1780062454.629584 sending message 112 to peer 0x55862f9db610 (13 bytes)
1780062454.629591 sending message 112 to peer 0x55862f9db610 (11 bytes)
1780062454.629598 sending message 112 to peer 0x55862f9db610 (12 bytes)
1780062454.629628 sending message 112 to peer 0x55862f9db610 (12 bytes)
1780062454.629635 sending message 112 to peer 0x55862f9db610 (12 bytes)
1780062454.629642 sending message 112 to peer 0x55862f9db610 (12 bytes)
1780062454.629649 sending message 112 to peer 0x55862f9db610 (12 bytes)
1780062454.629655 sending message 112 to peer 0x55862f9db610 (21 bytes)
1780062454.629662 sending message 112 to peer 0x55862f9db610 (12 bytes)
1780062454.629668 sending message 112 to peer 0x55862f9db610 (9 bytes)
1780062454.629675 sending message 112 to peer 0x55862f9db610 (6 bytes)
1780062454.629683 sending message 112 to peer 0x55862f9db610 (13 bytes)
1780062454.629690 sending message 112 to peer 0x55862f9db610 (8 bytes)
1780062454.629697 sending message 112 to peer 0x55862f9db610 (15 bytes)
1780062454.629704 sending message 112 to peer 0x55862f9db610 (13 bytes)
1780062454.629711 sending message 112 to peer 0x55862f9db610 (9 bytes)
1780062454.629718 sending message 112 to peer 0x55862f9db610 (70 bytes)
1780062454.629724 sending message 112 to peer 0x55862f9db610 (69 bytes)
1780062454.629732 sending message 112 to peer 0x55862f9db610 (10 bytes)
1780062454.629738 sending message 112 to peer 0x55862f9db610 (10 bytes)
1780062454.629744 sending message 112 to peer 0x55862f9db610 (8 bytes)
1780062454.629751 sending message 112 to peer 0x55862f9db610 (15 bytes)
1780062454.629757 sending message 112 to peer 0x55862f9db610 (13 bytes)
1780062454.629764 sending message 112 to peer 0x55862f9db610 (10 bytes)
1780062454.629770 sending message 112 to peer 0x55862f9db610 (10 bytes)
1780062454.629776 sending message 112 to peer 0x55862f9db610 (17 bytes)
1780062454.629783 sending message 112 to peer 0x55862f9db610 (10 bytes)
1780062454.629789 sending message 112 to peer 0x55862f9db610 (13 bytes)
1780062454.629795 sending message 112 to peer 0x55862f9db610 (9 bytes)
1780062454.629802 sending message 112 to peer 0x55862f9db610 (5 bytes)
1780062454.629809 sending message 112 to peer 0x55862f9db610 (15 bytes)
1780062454.629819 sending message 104 to peer 0x55862f9db610 (0 bytes)
1780062454.629828 sending message 110 to peer 0x55862f9db610 (0 bytes)
1780062454.629837 sending message 107 to peer 0x55862f9db610 (4 bytes)
1780062454.629845 sending message 105 to peer 0x55862f9db610 (13 bytes)
1780062454.629852 sending message 105 to peer 0x55862f9db610 (20 bytes)
1780062454.629858 sending message 105 to peer 0x55862f9db610 (70 bytes)
1780062454.629866 sending message 105 to peer 0x55862f9db610 (23 bytes)
1780062454.629874 sending message 105 to peer 0x55862f9db610 (64 bytes)
1780062454.629881 sending message 105 to peer 0x55862f9db610 (16 bytes)
1780062454.629888 sending message 105 to peer 0x55862f9db610 (68 bytes)
1780062454.629895 sending message 105 to peer 0x55862f9db610 (84 bytes)
1780062454.629901 sending message 105 to peer 0x55862f9db610 (54 bytes)
1780062454.629908 sending message 105 to peer 0x55862f9db610 (64 bytes)
1780062454.629927 sending message 105 to peer 0x55862f9db610 (57 bytes)
1780062454.629934 sending message 105 to peer 0x55862f9db610 (64 bytes)
1780062454.629941 sending message 105 to peer 0x55862f9db610 (62 bytes)
1780062454.629947 sending message 105 to peer 0x55862f9db610 (66 bytes)
1780062454.629954 sending message 105 to peer 0x55862f9db610 (70 bytes)
1780062454.629960 sending message 105 to peer 0x55862f9db610 (62 bytes)
1780062454.629967 sending message 105 to peer 0x55862f9db610 (54 bytes)
1780062454.629974 sending message 105 to peer 0x55862f9db610 (62 bytes)
1780062454.629981 sending message 105 to peer 0x55862f9db610 (57 bytes)
1780062454.629988 sending message 105 to peer 0x55862f9db610 (69 bytes)
1780062454.629994 sending message 105 to peer 0x55862f9db610 (54 bytes)
1780062454.630001 sending message 105 to peer 0x55862f9db610 (50 bytes)
1780062454.630009 sending message 105 to peer 0x55862f9db610 (22 bytes)
1780062454.630016 sending message 105 to peer 0x55862f9db610 (11 bytes)
1780062454.630023 sending message 105 to peer 0x55862f9db610 (71 bytes)
1780062454.630030 sending message 105 to peer 0x55862f9db610 (56 bytes)
1780062454.630037 sending message 105 to peer 0x55862f9db610 (12 bytes)
1780062454.630044 sending message 105 to peer 0x55862f9db610 (17 bytes)
1780062454.630050 sending message 105 to peer 0x55862f9db610 (21 bytes)
1780062454.630057 sending message 105 to peer 0x55862f9db610 (25 bytes)
1780062454.630063 sending message 105 to peer 0x55862f9db610 (41 bytes)
1780062454.630070 sending message 105 to peer 0x55862f9db610 (47 bytes)
1780062454.630077 sending message 105 to peer 0x55862f9db610 (45 bytes)
1780062454.630083 sending message 105 to peer 0x55862f9db610 (43 bytes)
1780062454.630090 sending message 105 to peer 0x55862f9db610 (33 bytes)
1780062454.630097 sending message 105 to peer 0x55862f9db610 (21 bytes)
1780062454.630103 sending message 105 to peer 0x55862f9db610 (18 bytes)
1780062454.630109 sending message 105 to peer 0x55862f9db610 (17 bytes)
1780062454.630116 sending message 105 to peer 0x55862f9db610 (47 bytes)
1780062454.630123 sending message 105 to peer 0x55862f9db610 (866 bytes)
1780062454.630132 sending message 105 to peer 0x55862f9db610 (27 bytes)
1780062454.630139 sending message 105 to peer 0x55862f9db610 (15 bytes)
1780062454.630146 sending message 105 to peer 0x55862f9db610 (28 bytes)
1780062454.630153 sending message 105 to peer 0x55862f9db610 (16 bytes)
1780062454.630160 sending message 105 to peer 0x55862f9db610 (21 bytes)
1780062454.630167 sending message 105 to peer 0x55862f9db610 (155 bytes)
1780062454.630174 sending message 105 to peer 0x55862f9db610 (51 bytes)
1780062454.630180 sending message 105 to peer 0x55862f9db610 (13 bytes)
1780062454.630187 sending message 105 to peer 0x55862f9db610 (15 bytes)
1780062454.630193 sending message 105 to peer 0x55862f9db610 (20 bytes)
1780062454.630200 sending message 105 to peer 0x55862f9db610 (29 bytes)
1780062454.630206 sending message 105 to peer 0x55862f9db610 (33 bytes)
1780062454.630214 sending message 105 to peer 0x55862f9db610 (435 bytes)
1780062454.630221 sending message 105 to peer 0x55862f9db610 (16 bytes)
1780062454.630227 sending message 105 to peer 0x55862f9db610 (30 bytes)
1780062454.630233 sending message 105 to peer 0x55862f9db610 (18 bytes)
1780062454.630240 sending message 105 to peer 0x55862f9db610 (27 bytes)
1780062454.630247 sending message 105 to peer 0x55862f9db610 (35 bytes)
1780062454.630254 sending message 105 to peer 0x55862f9db610 (15 bytes)
1780062454.630261 sending message 105 to peer 0x55862f9db610 (8 bytes)
1780062454.630268 sending message 105 to peer 0x55862f9db610 (37 bytes)
1780062454.630274 sending message 105 to peer 0x55862f9db610 (38 bytes)
1780062454.630281 sending message 105 to peer 0x55862f9db610 (19 bytes)
1780062454.630290 sending message 105 to peer 0x55862f9db610 (22 bytes)
1780062454.630297 sending message 105 to peer 0x55862f9db610 (19 bytes)
1780062454.630304 sending message 105 to peer 0x55862f9db610 (29 bytes)
1780062454.630311 sending message 105 to peer 0x55862f9db610 (18 bytes)
1780062454.630328 sending message 105 to peer 0x55862f9db610 (26 bytes)
1780062454.630336 sending message 105 to peer 0x55862f9db610 (36 bytes)
1780062454.630343 sending message 105 to peer 0x55862f9db610 (13 bytes)
1780062454.630349 sending message 105 to peer 0x55862f9db610 (48 bytes)
1780062454.630356 sending message 105 to peer 0x55862f9db610 (12 bytes)
1780062454.630363 sending message 105 to peer 0x55862f9db610 (16 bytes)
1780062454.630369 sending message 105 to peer 0x55862f9db610 (26 bytes)
1780062454.630376 sending message 105 to peer 0x55862f9db610 (54 bytes)
1780062454.630383 sending message 105 to peer 0x55862f9db610 (37 bytes)
1780062454.630389 sending message 105 to peer 0x55862f9db610 (26 bytes)
1780062454.630396 sending message 105 to peer 0x55862f9db610 (23 bytes)
1780062454.630402 sending message 105 to peer 0x55862f9db610 (31 bytes)
1780062454.630409 sending message 105 to peer 0x55862f9db610 (23 bytes)
1780062454.630415 sending message 105 to peer 0x55862f9db610 (26 bytes)
1780062454.630422 sending message 105 to peer 0x55862f9db610 (45 bytes)
1780062454.630428 sending message 105 to peer 0x55862f9db610 (25 bytes)
1780062454.630435 sending message 105 to peer 0x55862f9db610 (20 bytes)
1780062454.630441 sending message 105 to peer 0x55862f9db610 (45 bytes)
1780062454.630448 sending message 105 to peer 0x55862f9db610 (40 bytes)
1780062454.630454 sending message 105 to peer 0x55862f9db610 (16 bytes)
1780062454.630461 sending message 106 to peer 0x55862f9db610 (0 bytes)
1780062454.630827 sending message 200 to peer 0x55862f9db610 (4 bytes)
1780062454.630879 client loop enter
1780062454.631833 peer 0x55862f9db610 message 303
1780062454.631873 open write file 2 -
1780062454.631902 sending message 305 to peer 0x55862f9db610 (8 bytes)
1780062454.631954 write check file 2
1780062454.632270 peer 0x55862f9db610 message 304
1780062454.632291 write 58 to file 2
1780062454.632306 peer 0x55862f9db610 message 203
1780062454.632315 file 2 58 bytes left
1780062454.632362 write check file 2
1780062454.632372 client loop exit
